../Core/Src/miros.c:50:6:main_idleThread	8	static
../Core/Src/miros.c:56:6:OS_init	24	static
../Core/Src/miros.c:67:6:OS_sched	16	static
../Core/Src/miros.c:84:6:OS_run	8	static,ignoring_inline_asm
../Core/Src/miros.c:95:6:OS_tick	24	static
../Core/Src/miros.c:151:6:OS_delay	24	static,ignoring_inline_asm
../Core/Src/miros.c:165:6:OSThread_start	32	static
../Core/Src/miros.c:223:6:PendSV_Handler	0	static,ignoring_inline_asm
../Core/Src/miros.c:294:6:OS_Counting_Semaphore_Init	16	static,ignoring_inline_asm
../Core/Src/miros.c:303:6:OS_Binary_Semaphore_Init	16	static,ignoring_inline_asm
../Core/Src/miros.c:312:9:OS_Semaphore_Get	16	static,ignoring_inline_asm
../Core/Src/miros.c:345:6:OS_Semaphore_Release	32	static,ignoring_inline_asm
../Core/Src/miros.c:373:6:OS_Semaphore_Release_FromISR	32	static,ignoring_inline_asm
../Core/Src/miros.c:400:6:OS_Mutex_Init	16	static
../Core/Src/miros.c:406:9:OS_Mutex_Get	24	static
../Core/Src/miros.c:454:9:OS_Mutex_Release	32	static
../Core/Src/miros.c:511:6:OS_Queue_Init	24	static
../Core/Src/miros.c:520:6:OS_Queue_Empty	16	static
../Core/Src/miros.c:529:6:OS_Queue_Full	16	static
../Core/Src/miros.c:538:9:OS_Queue_Push	40	static
../Core/Src/miros.c:595:9:OS_Queue_Pop	40	static
../Core/Src/miros.c:665:9:OS_Queue_Push_FromISR	32	static
../Core/Src/miros.c:705:6:OS_SoftwareTimer_Init	24	static
../Core/Src/miros.c:715:6:OS_SoftwareTimer_Start	16	static
../Core/Src/miros.c:720:6:OS_SoftwareTimer_Stop	16	static
../Core/Src/miros.c:725:6:OS_SoftwareTimer_Tick	16	static
../Core/Src/miros.c:744:6:OS_EventGroup_Init	16	static
../Core/Src/miros.c:752:9:OS_EventGroup_WaitBits	24	static
../Core/Src/miros.c:845:6:OS_EventGroup_SetBits	32	static
../Core/Src/miros.c:890:6:OS_Stream_Buffer_Init	24	static
../Core/Src/miros.c:900:6:OS_Stream_Buffer_Delete	16	static
../Core/Src/miros.c:905:6:OS_Stream_Buffer_Empty	16	static
../Core/Src/miros.c:914:6:OS_Stream_Buffer_Full	16	static
../Core/Src/miros.c:923:9:OS_Stream_Buffer_Send	48	static
../Core/Src/miros.c:992:9:OS_Stream_Buffer_Receive	56	static
